// Jest Snapshot v1, https://goo.gl/fbAQLP

exports[`PageTitle should render 1`] = `
<div
  class="container"
>
  <h1>
    <span
      class="animation"
    >
      <span
        class="first"
      >
        marsh
      </span>
      <span
        class="layer"
      >
        <span
          class="second"
        >
          ian
        </span>
      </span>
    </span>
  </h1>
</div>
`;
